MkSomeNetDir SUp (MkNetBytes (MkBytes 1000000000000000000000000))
MkSomeNetDir SUp (MkNetBytes (MkBytes 1000000000000000000000))
MkSomeNetDir SUp (MkNetBytes (MkBytes 1000000000000000000))
MkSomeNetDir SUp (MkNetBytes (MkBytes 1000000000000000))
MkSomeNetDir SUp (MkNetBytes (MkBytes 1000000000000))
MkSomeNetDir SUp (MkNetBytes (MkBytes 1000000000))
MkSomeNetDir SUp (MkNetBytes (MkBytes 1000000))
MkSomeNetDir SUp (MkNetBytes (MkBytes 1000))
MkSomeNetDir SUp (MkNetBytes (MkBytes 1))
MkSomeNetDir SDown (MkNetBytes (MkBytes 1))
MkSomeNetDir SDown (MkNetBytes (MkBytes 1000))
MkSomeNetDir SDown (MkNetBytes (MkBytes 1000000))
MkSomeNetDir SDown (MkNetBytes (MkBytes 1000000000))
MkSomeNetDir SDown (MkNetBytes (MkBytes 1000000000000))
MkSomeNetDir SDown (MkNetBytes (MkBytes 1000000000000000))
MkSomeNetDir SDown (MkNetBytes (MkBytes 1000000000000000000))
MkSomeNetDir SDown (MkNetBytes (MkBytes 1000000000000000000000))
MkSomeNetDir SDown (MkNetBytes (MkBytes 1000000000000000000000000))
